
> build
> vite build

vite v6.4.3 building for production...
transforming...
✓ 137 modules transformed.
rendering chunks...
computing gzip size...
dist/src/games/pull-the-pin/index.html            3.19 kB │ gzip:   1.21 kB
dist/assets/hint-worker-CaXTX13b.js               4.00 kB
dist/src/games/save-the-character/index.html      4.58 kB │ gzip:   1.49 kB
dist/src/games/satisfying-asmr/index.html         5.33 kB │ gzip:   1.60 kB
dist/src/games/merge-games/index.html             5.63 kB │ gzip:   1.65 kB
dist/src/games/brain-teaser/index.html            5.78 kB │ gzip:   1.71 kB
dist/src/games/bridge-race/index.html             6.29 kB │ gzip:   1.88 kB
dist/src/games/makeover-run/index.html            6.30 kB │ gzip:   1.88 kB
dist/src/games/giant-runner/index.html            6.32 kB │ gzip:   1.90 kB
dist/src/games/jelly-shift/index.html             6.37 kB │ gzip:   1.91 kB
dist/src/games/crowd-runner/index.html            6.38 kB │ gzip:   1.90 kB
dist/src/games/parking-escape/index.html          6.59 kB │ gzip:   1.82 kB
dist/src/games/bus-jam/index.html                 6.71 kB │ gzip:   1.85 kB
dist/src/games/water-sort/index.html              7.02 kB │ gzip:   1.91 kB
dist/src/hub/index.html                          15.83 kB │ gzip:   3.16 kB
dist/assets/parking-escape-DrzCcPVK.css           0.75 kB │ gzip:   0.36 kB
dist/assets/satisfying-asmr-DWEYW8GM.css          0.84 kB │ gzip:   0.43 kB
dist/assets/merge-games-Co4tb_q8.css              0.92 kB │ gzip:   0.41 kB
dist/assets/brain-teaser-Da9ULgrP.css             1.55 kB │ gzip:   0.66 kB
dist/assets/water-sort-BxlkPwII.css               1.62 kB │ gzip:   0.64 kB
dist/assets/bus-jam-B-81OeXm.css                  2.54 kB │ gzip:   0.92 kB
dist/assets/save-the-character-C5wu11Kp.css       2.93 kB │ gzip:   1.02 kB
dist/assets/pull-the-pin-CfZFKK8b.css             3.15 kB │ gzip:   1.02 kB
dist/assets/jelly-shift-D5WKEf7g.css              3.18 kB │ gzip:   0.91 kB
dist/assets/giant-runner-Bw4OGrSj.css             3.21 kB │ gzip:   0.91 kB
dist/assets/bridge-race-B9ieGMp1.css              3.31 kB │ gzip:   0.99 kB
dist/assets/crowd-runner-CtJPqOOJ.css             3.34 kB │ gzip:   0.99 kB
dist/assets/makeover-run-CxC6Ds7o.css             3.99 kB │ gzip:   1.10 kB
dist/assets/hub-DIuotwui.css                      5.11 kB │ gzip:   1.56 kB
dist/assets/game-shell-CBwTCW1H.css              12.41 kB │ gzip:   3.24 kB
dist/assets/rng-CQ5JFEoA.js                       0.60 kB │ gzip:   0.37 kB
dist/assets/history-DJ3wl7N2.js                   0.82 kB │ gzip:   0.34 kB
dist/assets/color-blind-Br_ONyoJ.js               1.26 kB │ gzip:   0.45 kB
dist/assets/state-url-BptawQjj.js                 1.41 kB │ gzip:   0.73 kB
dist/assets/hints-DFPAzp6K.js                     1.56 kB │ gzip:   0.84 kB
dist/assets/input-CfgFECTm.js                     1.59 kB │ gzip:   0.60 kB
dist/assets/gameplay-share-C9NGPFD0.js            7.10 kB │ gzip:   2.94 kB
dist/assets/colors-IbYepRqp.js                    7.55 kB │ gzip:   3.01 kB
dist/assets/share-BwIHz6nh.js                     9.53 kB │ gzip:   3.22 kB
dist/assets/giant-runner-BmALuAIW.js             17.15 kB │ gzip:   5.74 kB
dist/assets/satisfying-asmr-CTNWrvIc.js          17.82 kB │ gzip:   5.91 kB
dist/assets/merge-games-CeflaIha.js              20.23 kB │ gzip:   6.65 kB
dist/assets/save-the-character-lktBrLJs.js       21.00 kB │ gzip:   6.37 kB
dist/assets/crowd-runner-CHnYqDnW.js             21.30 kB │ gzip:   7.38 kB
dist/assets/bridge-race-cpkQCug7.js              23.07 kB │ gzip:   7.93 kB
dist/assets/makeover-run-BBSS6rbF.js             23.13 kB │ gzip:   7.91 kB
dist/assets/lifecycle-DL1f7R_M.js                23.62 kB │ gzip:   6.85 kB
dist/assets/water-sort-CbGduzA3.js               25.77 kB │ gzip:   8.27 kB
dist/assets/hub-DIdxUYRn.js                      28.61 kB │ gzip:   8.21 kB
dist/assets/jelly-shift-Dp44ArhR.js              29.82 kB │ gzip:   9.80 kB
dist/assets/parking-escape-Rd3l_Kyr.js           31.49 kB │ gzip:   9.69 kB
dist/assets/brain-teaser-DdFgF9rQ.js             32.43 kB │ gzip:   9.65 kB
dist/assets/bus-jam-DEqKgw_W.js                  33.43 kB │ gzip:  10.86 kB
dist/assets/pull-the-pin-DPWisfos.js             39.25 kB │ gzip:  12.92 kB
dist/assets/pako.esm-Dy2yOSi5.js                 47.30 kB │ gzip:  15.07 kB
dist/assets/three-setup-ByYrO6bh.js             515.23 kB │ gzip: 128.15 kB
dist/assets/phaser-B61OQUcB.js                1,481.79 kB │ gzip: 337.88 kB

(!) Some chunks are larger than 500 kB after minification. Consider:
- Using dynamic import() to code-split the application
- Use build.rollupOptions.output.manualChunks to improve chunking: https://rollupjs.org/configuration-options/#output-manualchunks
- Adjust chunk size limit for this warning via build.chunkSizeWarningLimit.
✓ built in 4.79s
